// Jest Snapshot v1, https://goo.gl/fbAQLP

exports[`Fragment 1`] = `"Loading..."`;
